// Jest Snapshot v1, https://goo.gl/fbAQLP

exports[`App correctly renders artist question markup 1`] = `
.emotion-27 {
  position: relative;
  box-sizing: border-box;
  background: url("../img/vinyl.png") center no-repeat;
}

.emotion-15 {
  position: relative;
  display: -webkit-box;
  display: -webkit-flex;
  display: -ms-flexbox;
  display: flex;
  -webkit-box-pack: center;
  -webkit-justify-content: center;
  -ms-flex-pack: center;
  justify-content: center;
  -webkit-align-items: center;
  -webkit-box-align: center;
  -ms-flex-align: center;
  align-items: center;
  -webkit-flex-direction: column;
  -ms-flex-direction: column;
  flex-direction: column;
  -webkit-flex-wrap: wrap;
  -ms-flex-wrap: wrap;
  flex-wrap: wrap;
}

.emotion-13 {
  display: -webkit-box;
  display: -webkit-flex;
  display: -ms-flexbox;
  display: flex;
  -webkit-align-items: center;
  -webkit-box-align: center;
  -ms-flex-align: center;
  align-items: center;
  -webkit-flex-direction: column;
  -ms-flex-direction: column;
  flex-direction: column;
  -webkit-flex-wrap: wrap;
  -ms-flex-wrap: wrap;
  flex-wrap: wrap;
  position: relative;
  box-sizing: border-box;
  padding: 190px 0px 130px;
  width: 100%;
  height: 100%;
}

.emotion-0 {
  margin: 25px 0px;
}

.emotion-3 {
  padding: 0;
  margin: 80px 0px 35px;
  margin-left: 20px;
  width: 100px;
  height: 140px;
  background: transparent;
  border: none;
  outline: none;
  -webkit-transition: -webkit-transform ease-in-out 300ms;
  -webkit-transition: transform ease-in-out 300ms;
  transition: transform ease-in-out 300ms;
  cursor: pointer;
}

.emotion-3:hover,
.emotion-3:focus {
  -webkit-transform: scale(1.05);
  -ms-transform: scale(1.05);
  transform: scale(1.05);
}

.emotion-3:active {
  -webkit-transform: scale(1.04);
  -ms-transform: scale(1.04);
  transform: scale(1.04);
}

.emotion-3 > svg {
  -webkit-filter: drop-shadow(5px 5px 5px rgba(0,0,0,0.4));
  filter: drop-shadow(5px 5px 5px rgba(0,0,0,0.4));
}

.emotion-2 {
  position: absolute;
  width: 1px;
  height: 1px;
  margin: -1px;
  border: 0;
  padding: 0;
  white-space: nowrap;
  -webkit-clip-path: inset(100%);
  clip-path: inset(100%);
  -webkit-clip: rect(0 0 0 0);
  clip: rect(0 0 0 0);
  overflow: hidden;
}

.emotion-5 {
  margin: 0;
  font-style: italic;
  font-weight: 300;
  font-size: 33px;
  color: #230d1a;
  margin-top: 20px;
}

.emotion-7 {
  margin: 10px 0px;
}

.emotion-9 {
  margin: 0;
  padding: 0;
  list-style: none;
  text-align: center;
}

.emotion-25 {
  max-width: 680px;
  margin: 0 auto;
  display: -webkit-box;
  display: -webkit-flex;
  display: -ms-flexbox;
  display: flex;
  -webkit-box-pack: justify;
  -webkit-justify-content: space-between;
  -ms-flex-pack: justify;
  justify-content: space-between;
  padding: 0px 20px;
}

.emotion-23 {
  text-align: right;
  color: #f0eed5;
  white-space: nowrap;
}

.emotion-17:hover,
.emotion-17:focus,
.emotion-17:active {
  opacity: 0.8;
}

.emotion-21 {
  margin: 10px 0px 0px;
}

.emotion-19 {
  color: #ff9749;
  -webkit-transition: color ease-in-out 250ms;
  transition: color ease-in-out 250ms;
}

.emotion-19:hover,
.emotion-19:focus,
.emotion-19:active {
  color: #f00000;
}

<div
  className="emotion-27 emotion-28"
>
  <main
    className="emotion-15 emotion-16"
  >
    <div
      role="group"
      style={
        Object {
          "outline": "none",
        }
      }
      tabIndex="-1"
    >
      <section
        className="emotion-13 emotion-14"
      >
        <div
          className="emotion-0 emotion-1"
        >
          <img
            alt="Угадай мелодию"
            height="83"
            src="img/melody-logo.png"
            width="186"
          />
        </div>
        <button
          className="emotion-3 emotion-4"
          onClick={[Function]}
        >
          <svg
            fill="#ff9749"
            height="140"
            width="100"
          >
            <polygon
              points="0,0 100,70 0,140"
            />
          </svg>
          <span
            className="emotion-2"
          >
            Начать игру
          </span>
        </button>
        <h2
          className="emotion-5 emotion-6"
        >
          Правила игры
        </h2>
        <p
          className="emotion-7 emotion-8"
        >
          Правила просты:
        </p>
        <ul
          className="emotion-9 emotion-10"
        >
          <li>
            За 5 минут нужно ответить на все вопросы.
          </li>
          <li>
            Можно допустить 3 ошибки.
          </li>
        </ul>
        <p
          className="emotion-7 emotion-8"
        >
          Удачи!
        </p>
      </section>
    </div>
  </main>
  <footer
    className="emotion-25 emotion-26"
  >
    <a
      href="http://creativecommons.org/licenses/by-nc-nd/4.0/"
      rel="license"
    >
      <img
        alt="Creative Commons License"
        height="31"
        src="https://i.creativecommons.org/l/by-nc-nd/4.0/88x31.png"
        width="88"
      />
    </a>
    <section
      className="emotion-23 emotion-24"
    >
      <a
        className="emotion-17 emotion-18"
        href="https://htmlacademy.ru"
      >
        <img
          alt="HTML Academy"
          height="49"
          src="img/logo-htmla.svg"
          width="144"
        />
      </a>
      <p
        className="emotion-21 emotion-22"
      >
        Сделано в 
        <a
          className="emotion-19 emotion-20"
          href="https://htmlacademy.ru"
        >
          HTML Academy
        </a>
      </p>
    </section>
  </footer>
</div>
`;

exports[`App correctly renders default markup 1`] = `
.emotion-27 {
  position: relative;
  box-sizing: border-box;
  background: url("../img/vinyl.png") center no-repeat;
}

.emotion-15 {
  position: relative;
  display: -webkit-box;
  display: -webkit-flex;
  display: -ms-flexbox;
  display: flex;
  -webkit-box-pack: center;
  -webkit-justify-content: center;
  -ms-flex-pack: center;
  justify-content: center;
  -webkit-align-items: center;
  -webkit-box-align: center;
  -ms-flex-align: center;
  align-items: center;
  -webkit-flex-direction: column;
  -ms-flex-direction: column;
  flex-direction: column;
  -webkit-flex-wrap: wrap;
  -ms-flex-wrap: wrap;
  flex-wrap: wrap;
}

.emotion-13 {
  display: -webkit-box;
  display: -webkit-flex;
  display: -ms-flexbox;
  display: flex;
  -webkit-align-items: center;
  -webkit-box-align: center;
  -ms-flex-align: center;
  align-items: center;
  -webkit-flex-direction: column;
  -ms-flex-direction: column;
  flex-direction: column;
  -webkit-flex-wrap: wrap;
  -ms-flex-wrap: wrap;
  flex-wrap: wrap;
  position: relative;
  box-sizing: border-box;
  padding: 190px 0px 130px;
  width: 100%;
  height: 100%;
}

.emotion-0 {
  margin: 25px 0px;
}

.emotion-3 {
  padding: 0;
  margin: 80px 0px 35px;
  margin-left: 20px;
  width: 100px;
  height: 140px;
  background: transparent;
  border: none;
  outline: none;
  -webkit-transition: -webkit-transform ease-in-out 300ms;
  -webkit-transition: transform ease-in-out 300ms;
  transition: transform ease-in-out 300ms;
  cursor: pointer;
}

.emotion-3:hover,
.emotion-3:focus {
  -webkit-transform: scale(1.05);
  -ms-transform: scale(1.05);
  transform: scale(1.05);
}

.emotion-3:active {
  -webkit-transform: scale(1.04);
  -ms-transform: scale(1.04);
  transform: scale(1.04);
}

.emotion-3 > svg {
  -webkit-filter: drop-shadow(5px 5px 5px rgba(0,0,0,0.4));
  filter: drop-shadow(5px 5px 5px rgba(0,0,0,0.4));
}

.emotion-2 {
  position: absolute;
  width: 1px;
  height: 1px;
  margin: -1px;
  border: 0;
  padding: 0;
  white-space: nowrap;
  -webkit-clip-path: inset(100%);
  clip-path: inset(100%);
  -webkit-clip: rect(0 0 0 0);
  clip: rect(0 0 0 0);
  overflow: hidden;
}

.emotion-5 {
  margin: 0;
  font-style: italic;
  font-weight: 300;
  font-size: 33px;
  color: #230d1a;
  margin-top: 20px;
}

.emotion-7 {
  margin: 10px 0px;
}

.emotion-9 {
  margin: 0;
  padding: 0;
  list-style: none;
  text-align: center;
}

.emotion-25 {
  max-width: 680px;
  margin: 0 auto;
  display: -webkit-box;
  display: -webkit-flex;
  display: -ms-flexbox;
  display: flex;
  -webkit-box-pack: justify;
  -webkit-justify-content: space-between;
  -ms-flex-pack: justify;
  justify-content: space-between;
  padding: 0px 20px;
}

.emotion-23 {
  text-align: right;
  color: #f0eed5;
  white-space: nowrap;
}

.emotion-17:hover,
.emotion-17:focus,
.emotion-17:active {
  opacity: 0.8;
}

.emotion-21 {
  margin: 10px 0px 0px;
}

.emotion-19 {
  color: #ff9749;
  -webkit-transition: color ease-in-out 250ms;
  transition: color ease-in-out 250ms;
}

.emotion-19:hover,
.emotion-19:focus,
.emotion-19:active {
  color: #f00000;
}

<div
  className="emotion-27 emotion-28"
>
  <main
    className="emotion-15 emotion-16"
  >
    <div
      role="group"
      style={
        Object {
          "outline": "none",
        }
      }
      tabIndex="-1"
    >
      <section
        className="emotion-13 emotion-14"
      >
        <div
          className="emotion-0 emotion-1"
        >
          <img
            alt="Угадай мелодию"
            height="83"
            src="img/melody-logo.png"
            width="186"
          />
        </div>
        <button
          className="emotion-3 emotion-4"
          onClick={[Function]}
        >
          <svg
            fill="#ff9749"
            height="140"
            width="100"
          >
            <polygon
              points="0,0 100,70 0,140"
            />
          </svg>
          <span
            className="emotion-2"
          >
            Начать игру
          </span>
        </button>
        <h2
          className="emotion-5 emotion-6"
        >
          Правила игры
        </h2>
        <p
          className="emotion-7 emotion-8"
        >
          Правила просты:
        </p>
        <ul
          className="emotion-9 emotion-10"
        >
          <li>
            За 5 минут нужно ответить на все вопросы.
          </li>
          <li>
            Можно допустить 3 ошибки.
          </li>
        </ul>
        <p
          className="emotion-7 emotion-8"
        >
          Удачи!
        </p>
      </section>
    </div>
  </main>
  <footer
    className="emotion-25 emotion-26"
  >
    <a
      href="http://creativecommons.org/licenses/by-nc-nd/4.0/"
      rel="license"
    >
      <img
        alt="Creative Commons License"
        height="31"
        src="https://i.creativecommons.org/l/by-nc-nd/4.0/88x31.png"
        width="88"
      />
    </a>
    <section
      className="emotion-23 emotion-24"
    >
      <a
        className="emotion-17 emotion-18"
        href="https://htmlacademy.ru"
      >
        <img
          alt="HTML Academy"
          height="49"
          src="img/logo-htmla.svg"
          width="144"
        />
      </a>
      <p
        className="emotion-21 emotion-22"
      >
        Сделано в 
        <a
          className="emotion-19 emotion-20"
          href="https://htmlacademy.ru"
        >
          HTML Academy
        </a>
      </p>
    </section>
  </footer>
</div>
`;

exports[`App correctly renders genre question markup 1`] = `
.emotion-27 {
  position: relative;
  box-sizing: border-box;
  background: url("../img/vinyl.png") center no-repeat;
}

.emotion-15 {
  position: relative;
  display: -webkit-box;
  display: -webkit-flex;
  display: -ms-flexbox;
  display: flex;
  -webkit-box-pack: center;
  -webkit-justify-content: center;
  -ms-flex-pack: center;
  justify-content: center;
  -webkit-align-items: center;
  -webkit-box-align: center;
  -ms-flex-align: center;
  align-items: center;
  -webkit-flex-direction: column;
  -ms-flex-direction: column;
  flex-direction: column;
  -webkit-flex-wrap: wrap;
  -ms-flex-wrap: wrap;
  flex-wrap: wrap;
}

.emotion-13 {
  display: -webkit-box;
  display: -webkit-flex;
  display: -ms-flexbox;
  display: flex;
  -webkit-align-items: center;
  -webkit-box-align: center;
  -ms-flex-align: center;
  align-items: center;
  -webkit-flex-direction: column;
  -ms-flex-direction: column;
  flex-direction: column;
  -webkit-flex-wrap: wrap;
  -ms-flex-wrap: wrap;
  flex-wrap: wrap;
  position: relative;
  box-sizing: border-box;
  padding: 190px 0px 130px;
  width: 100%;
  height: 100%;
}

.emotion-0 {
  margin: 25px 0px;
}

.emotion-3 {
  padding: 0;
  margin: 80px 0px 35px;
  margin-left: 20px;
  width: 100px;
  height: 140px;
  background: transparent;
  border: none;
  outline: none;
  -webkit-transition: -webkit-transform ease-in-out 300ms;
  -webkit-transition: transform ease-in-out 300ms;
  transition: transform ease-in-out 300ms;
  cursor: pointer;
}

.emotion-3:hover,
.emotion-3:focus {
  -webkit-transform: scale(1.05);
  -ms-transform: scale(1.05);
  transform: scale(1.05);
}

.emotion-3:active {
  -webkit-transform: scale(1.04);
  -ms-transform: scale(1.04);
  transform: scale(1.04);
}

.emotion-3 > svg {
  -webkit-filter: drop-shadow(5px 5px 5px rgba(0,0,0,0.4));
  filter: drop-shadow(5px 5px 5px rgba(0,0,0,0.4));
}

.emotion-2 {
  position: absolute;
  width: 1px;
  height: 1px;
  margin: -1px;
  border: 0;
  padding: 0;
  white-space: nowrap;
  -webkit-clip-path: inset(100%);
  clip-path: inset(100%);
  -webkit-clip: rect(0 0 0 0);
  clip: rect(0 0 0 0);
  overflow: hidden;
}

.emotion-5 {
  margin: 0;
  font-style: italic;
  font-weight: 300;
  font-size: 33px;
  color: #230d1a;
  margin-top: 20px;
}

.emotion-7 {
  margin: 10px 0px;
}

.emotion-9 {
  margin: 0;
  padding: 0;
  list-style: none;
  text-align: center;
}

.emotion-25 {
  max-width: 680px;
  margin: 0 auto;
  display: -webkit-box;
  display: -webkit-flex;
  display: -ms-flexbox;
  display: flex;
  -webkit-box-pack: justify;
  -webkit-justify-content: space-between;
  -ms-flex-pack: justify;
  justify-content: space-between;
  padding: 0px 20px;
}

.emotion-23 {
  text-align: right;
  color: #f0eed5;
  white-space: nowrap;
}

.emotion-17:hover,
.emotion-17:focus,
.emotion-17:active {
  opacity: 0.8;
}

.emotion-21 {
  margin: 10px 0px 0px;
}

.emotion-19 {
  color: #ff9749;
  -webkit-transition: color ease-in-out 250ms;
  transition: color ease-in-out 250ms;
}

.emotion-19:hover,
.emotion-19:focus,
.emotion-19:active {
  color: #f00000;
}

<div
  className="emotion-27 emotion-28"
>
  <main
    className="emotion-15 emotion-16"
  >
    <div
      role="group"
      style={
        Object {
          "outline": "none",
        }
      }
      tabIndex="-1"
    >
      <section
        className="emotion-13 emotion-14"
      >
        <div
          className="emotion-0 emotion-1"
        >
          <img
            alt="Угадай мелодию"
            height="83"
            src="img/melody-logo.png"
            width="186"
          />
        </div>
        <button
          className="emotion-3 emotion-4"
          onClick={[Function]}
        >
          <svg
            fill="#ff9749"
            height="140"
            width="100"
          >
            <polygon
              points="0,0 100,70 0,140"
            />
          </svg>
          <span
            className="emotion-2"
          >
            Начать игру
          </span>
        </button>
        <h2
          className="emotion-5 emotion-6"
        >
          Правила игры
        </h2>
        <p
          className="emotion-7 emotion-8"
        >
          Правила просты:
        </p>
        <ul
          className="emotion-9 emotion-10"
        >
          <li>
            За 5 минут нужно ответить на все вопросы.
          </li>
          <li>
            Можно допустить 3 ошибки.
          </li>
        </ul>
        <p
          className="emotion-7 emotion-8"
        >
          Удачи!
        </p>
      </section>
    </div>
  </main>
  <footer
    className="emotion-25 emotion-26"
  >
    <a
      href="http://creativecommons.org/licenses/by-nc-nd/4.0/"
      rel="license"
    >
      <img
        alt="Creative Commons License"
        height="31"
        src="https://i.creativecommons.org/l/by-nc-nd/4.0/88x31.png"
        width="88"
      />
    </a>
    <section
      className="emotion-23 emotion-24"
    >
      <a
        className="emotion-17 emotion-18"
        href="https://htmlacademy.ru"
      >
        <img
          alt="HTML Academy"
          height="49"
          src="img/logo-htmla.svg"
          width="144"
        />
      </a>
      <p
        className="emotion-21 emotion-22"
      >
        Сделано в 
        <a
          className="emotion-19 emotion-20"
          href="https://htmlacademy.ru"
        >
          HTML Academy
        </a>
      </p>
    </section>
  </footer>
</div>
`;
